Archive member included because of file (symbol)

c:/program files (x86)/atmel/atmel toolchain/avr8 gcc/native/3.4.1061/avr8-gnu-toolchain/bin/../lib/gcc/avr/4.8.1/../../../../avr/lib/avr5\libm.a(addsf3.o)
                              LCD/LCD.o (__subsf3)
c:/program files (x86)/atmel/atmel toolchain/avr8 gcc/native/3.4.1061/avr8-gnu-toolchain/bin/../lib/gcc/avr/4.8.1/../../../../avr/lib/avr5\libm.a(addsf3x.o)
                              c:/program files (x86)/atmel/atmel toolchain/avr8 gcc/native/3.4.1061/avr8-gnu-toolchain/bin/../lib/gcc/avr/4.8.1/../../../../avr/lib/avr5\libm.a(addsf3.o) (__addsf3x)
c:/program files (x86)/atmel/atmel toolchain/avr8 gcc/native/3.4.1061/avr8-gnu-toolchain/bin/../lib/gcc/avr/4.8.1/../../../../avr/lib/avr5\libm.a(divsf3.o)
                              LM35/LM35.o (__divsf3)
c:/program files (x86)/atmel/atmel toolchain/avr8 gcc/native/3.4.1061/avr8-gnu-toolchain/bin/../lib/gcc/avr/4.8.1/../../../../avr/lib/avr5\libm.a(divsf3x.o)
                              c:/program files (x86)/atmel/atmel toolchain/avr8 gcc/native/3.4.1061/avr8-gnu-toolchain/bin/../lib/gcc/avr/4.8.1/../../../../avr/lib/avr5\libm.a(divsf3.o) (__divsf3x)
c:/program files (x86)/atmel/atmel toolchain/avr8 gcc/native/3.4.1061/avr8-gnu-toolchain/bin/../lib/gcc/avr/4.8.1/../../../../avr/lib/avr5\libm.a(fixunssfsi.o)
                              LCD/LCD.o (__fixunssfsi)
c:/program files (x86)/atmel/atmel toolchain/avr8 gcc/native/3.4.1061/avr8-gnu-toolchain/bin/../lib/gcc/avr/4.8.1/../../../../avr/lib/avr5\libm.a(floatsisf.o)
                              LM35/LM35.o (__floatunsisf)
c:/program files (x86)/atmel/atmel toolchain/avr8 gcc/native/3.4.1061/avr8-gnu-toolchain/bin/../lib/gcc/avr/4.8.1/../../../../avr/lib/avr5\libm.a(fp_inf.o)
                              c:/program files (x86)/atmel/atmel toolchain/avr8 gcc/native/3.4.1061/avr8-gnu-toolchain/bin/../lib/gcc/avr/4.8.1/../../../../avr/lib/avr5\libm.a(addsf3x.o) (__fp_inf)
c:/program files (x86)/atmel/atmel toolchain/avr8 gcc/native/3.4.1061/avr8-gnu-toolchain/bin/../lib/gcc/avr/4.8.1/../../../../avr/lib/avr5\libm.a(fp_nan.o)
                              c:/program files (x86)/atmel/atmel toolchain/avr8 gcc/native/3.4.1061/avr8-gnu-toolchain/bin/../lib/gcc/avr/4.8.1/../../../../avr/lib/avr5\libm.a(addsf3x.o) (__fp_nan)
c:/program files (x86)/atmel/atmel toolchain/avr8 gcc/native/3.4.1061/avr8-gnu-toolchain/bin/../lib/gcc/avr/4.8.1/../../../../avr/lib/avr5\libm.a(fp_pscA.o)
                              c:/program files (x86)/atmel/atmel toolchain/avr8 gcc/native/3.4.1061/avr8-gnu-toolchain/bin/../lib/gcc/avr/4.8.1/../../../../avr/lib/avr5\libm.a(addsf3x.o) (__fp_pscA)
c:/program files (x86)/atmel/atmel toolchain/avr8 gcc/native/3.4.1061/avr8-gnu-toolchain/bin/../lib/gcc/avr/4.8.1/../../../../avr/lib/avr5\libm.a(fp_pscB.o)
                              c:/program files (x86)/atmel/atmel toolchain/avr8 gcc/native/3.4.1061/avr8-gnu-toolchain/bin/../lib/gcc/avr/4.8.1/../../../../avr/lib/avr5\libm.a(addsf3x.o) (__fp_pscB)
c:/program files (x86)/atmel/atmel toolchain/avr8 gcc/native/3.4.1061/avr8-gnu-toolchain/bin/../lib/gcc/avr/4.8.1/../../../../avr/lib/avr5\libm.a(fp_round.o)
                              c:/program files (x86)/atmel/atmel toolchain/avr8 gcc/native/3.4.1061/avr8-gnu-toolchain/bin/../lib/gcc/avr/4.8.1/../../../../avr/lib/avr5\libm.a(addsf3.o) (__fp_round)
c:/program files (x86)/atmel/atmel toolchain/avr8 gcc/native/3.4.1061/avr8-gnu-toolchain/bin/../lib/gcc/avr/4.8.1/../../../../avr/lib/avr5\libm.a(fp_split3.o)
                              c:/program files (x86)/atmel/atmel toolchain/avr8 gcc/native/3.4.1061/avr8-gnu-toolchain/bin/../lib/gcc/avr/4.8.1/../../../../avr/lib/avr5\libm.a(addsf3x.o) (__fp_split3)
c:/program files (x86)/atmel/atmel toolchain/avr8 gcc/native/3.4.1061/avr8-gnu-toolchain/bin/../lib/gcc/avr/4.8.1/../../../../avr/lib/avr5\libm.a(fp_zero.o)
                              c:/program files (x86)/atmel/atmel toolchain/avr8 gcc/native/3.4.1061/avr8-gnu-toolchain/bin/../lib/gcc/avr/4.8.1/../../../../avr/lib/avr5\libm.a(addsf3x.o) (__fp_zero)
c:/program files (x86)/atmel/atmel toolchain/avr8 gcc/native/3.4.1061/avr8-gnu-toolchain/bin/../lib/gcc/avr/4.8.1/../../../../avr/lib/avr5\libm.a(mulsf3.o)
                              LCD/LCD.o (__mulsf3)
c:/program files (x86)/atmel/atmel toolchain/avr8 gcc/native/3.4.1061/avr8-gnu-toolchain/bin/../lib/gcc/avr/4.8.1/../../../../avr/lib/avr5\libm.a(mulsf3x.o)
                              c:/program files (x86)/atmel/atmel toolchain/avr8 gcc/native/3.4.1061/avr8-gnu-toolchain/bin/../lib/gcc/avr/4.8.1/../../../../avr/lib/avr5\libm.a(mulsf3.o) (__mulsf3x)
c:/program files (x86)/atmel/atmel toolchain/avr8 gcc/native/3.4.1061/avr8-gnu-toolchain/bin/../lib/gcc/avr/4.8.1/avr5\libgcc.a(_udivmodsi4.o)
                              UART/UART.o (__udivmodsi4)
c:/program files (x86)/atmel/atmel toolchain/avr8 gcc/native/3.4.1061/avr8-gnu-toolchain/bin/../lib/gcc/avr/4.8.1/avr5\libgcc.a(_exit.o)
                              c:/program files (x86)/atmel/atmel toolchain/avr8 gcc/native/3.4.1061/avr8-gnu-toolchain/bin/../lib/gcc/avr/4.8.1/../../../../avr/lib/avr5/crtm32.o (exit)
c:/program files (x86)/atmel/atmel toolchain/avr8 gcc/native/3.4.1061/avr8-gnu-toolchain/bin/../lib/gcc/avr/4.8.1/avr5\libgcc.a(_copy_data.o)
                              AMIT_PR_1.o (__do_copy_data)
c:/program files (x86)/atmel/atmel toolchain/avr8 gcc/native/3.4.1061/avr8-gnu-toolchain/bin/../lib/gcc/avr/4.8.1/avr5\libgcc.a(_clear_bss.o)
                              AMIT_PR_1.o (__do_clear_bss)

Allocating common symbols
Common symbol       size              file

currentScreen       0x1               AMIT_PR_1.o

Discarded input sections

 .data          0x00000000        0x0 c:/program files (x86)/atmel/atmel toolchain/avr8 gcc/native/3.4.1061/avr8-gnu-toolchain/bin/../lib/gcc/avr/4.8.1/../../../../avr/lib/avr5/crtm32.o
 .bss           0x00000000        0x0 c:/program files (x86)/atmel/atmel toolchain/avr8 gcc/native/3.4.1061/avr8-gnu-toolchain/bin/../lib/gcc/avr/4.8.1/../../../../avr/lib/avr5/crtm32.o
 .text          0x00000000        0x0 ADC/adc.o
 .data          0x00000000        0x0 ADC/adc.o
 .bss           0x00000000        0x0 ADC/adc.o
 .text          0x00000000        0x0 AMIT_PR_1.o
 .data          0x00000000        0x0 AMIT_PR_1.o
 .bss           0x00000000        0x0 AMIT_PR_1.o
 .text          0x00000000        0x0 DIO/DIO.o
 .data          0x00000000        0x0 DIO/DIO.o
 .bss           0x00000000        0x0 DIO/DIO.o
 .text          0x00000000        0x0 EEPROM/EEPROM.o
 .data          0x00000000        0x0 EEPROM/EEPROM.o
 .bss           0x00000000        0x0 EEPROM/EEPROM.o
 .text          0x00000000        0x0 I2C/I2C.o
 .data          0x00000000        0x0 I2C/I2C.o
 .bss           0x00000000        0x0 I2C/I2C.o
 .text.TWI_Read_With_ACK
                0x00000000        0xe I2C/I2C.o
 .text.TWI_Get_Status
                0x00000000        0x6 I2C/I2C.o
 .text          0x00000000        0x0 KPD/KEYPAD.o
 .data          0x00000000        0x0 KPD/KEYPAD.o
 .bss           0x00000000        0x0 KPD/KEYPAD.o
 .text          0x00000000        0x0 KPD/KEYPAD_Lcfg.o
 .data          0x00000000        0x0 KPD/KEYPAD_Lcfg.o
 .bss           0x00000000        0x0 KPD/KEYPAD_Lcfg.o
 .text          0x00000000        0x0 LCD/LCD.o
 .data          0x00000000        0x0 LCD/LCD.o
 .bss           0x00000000        0x0 LCD/LCD.o
 .text          0x00000000        0x0 LCD/LCD_Lcfg.o
 .data          0x00000000        0x0 LCD/LCD_Lcfg.o
 .bss           0x00000000        0x0 LCD/LCD_Lcfg.o
 .text          0x00000000        0x0 LM35/LM35.o
 .data          0x00000000        0x0 LM35/LM35.o
 .bss           0x00000000        0x0 LM35/LM35.o
 .text          0x00000000        0x0 RTC/RTC.o
 .data          0x00000000        0x0 RTC/RTC.o
 .bss           0x00000000        0x0 RTC/RTC.o
 .text.RTC_getDay
                0x00000000       0x2e RTC/RTC.o
 .text          0x00000000        0x0 SPI/SPI.o
 .data          0x00000000        0x0 SPI/SPI.o
 .bss           0x00000000        0x0 SPI/SPI.o
 .bss.u8DataReceived
                0x00000000        0x1 SPI/SPI.o
 .bss.u8Data    0x00000000        0x1 SPI/SPI.o
 .text          0x00000000        0x0 SPI/SPI_Lcfg.o
 .data          0x00000000        0x0 SPI/SPI_Lcfg.o
 .bss           0x00000000        0x0 SPI/SPI_Lcfg.o
 .text          0x00000000        0x0 SYSTEM_SCNS.o
 .data          0x00000000        0x0 SYSTEM_SCNS.o
 .bss           0x00000000        0x0 SYSTEM_SCNS.o
 .text          0x00000000        0x0 TC72/TC72.o
 .data          0x00000000        0x0 TC72/TC72.o
 .bss           0x00000000        0x0 TC72/TC72.o
 .text          0x00000000        0x0 TC72/TC72_Lcfg.o
 .data          0x00000000        0x0 TC72/TC72_Lcfg.o
 .bss           0x00000000        0x0 TC72/TC72_Lcfg.o
 .text          0x00000000        0x0 Timer/TMGR.o
 .data          0x00000000        0x0 Timer/TMGR.o
 .bss           0x00000000        0x0 Timer/TMGR.o
 .text          0x00000000        0x0 Timer/TMR.o
 .data          0x00000000        0x0 Timer/TMR.o
 .bss           0x00000000        0x0 Timer/TMR.o
 .text          0x00000000        0x0 UART/UART.o
 .data          0x00000000        0x0 UART/UART.o
 .bss           0x00000000        0x0 UART/UART.o
 .text.UART_vidTransmitByte
                0x00000000        0x8 UART/UART.o
 .text          0x00000000        0x0 UART/UART_LCFG.o
 .data          0x00000000        0x0 UART/UART_LCFG.o
 .bss           0x00000000        0x0 UART/UART_LCFG.o
 .text          0x00000000        0x0 c:/program files (x86)/atmel/atmel toolchain/avr8 gcc/native/3.4.1061/avr8-gnu-toolchain/bin/../lib/gcc/avr/4.8.1/../../../../avr/lib/avr5\libm.a(addsf3.o)
 .data          0x00000000        0x0 c:/program files (x86)/atmel/atmel toolchain/avr8 gcc/native/3.4.1061/avr8-gnu-toolchain/bin/../lib/gcc/avr/4.8.1/../../../../avr/lib/avr5\libm.a(addsf3.o)
 .bss           0x00000000        0x0 c:/program files (x86)/atmel/atmel toolchain/avr8 gcc/native/3.4.1061/avr8-gnu-toolchain/bin/../lib/gcc/avr/4.8.1/../../../../avr/lib/avr5\libm.a(addsf3.o)
 .text          0x00000000        0x0 c:/program files (x86)/atmel/atmel toolchain/avr8 gcc/native/3.4.1061/avr8-gnu-toolchain/bin/../lib/gcc/avr/4.8.1/../../../../avr/lib/avr5\libm.a(addsf3x.o)
 .data          0x00000000        0x0 c:/program files (x86)/atmel/atmel toolchain/avr8 gcc/native/3.4.1061/avr8-gnu-toolchain/bin/../lib/gcc/avr/4.8.1/../../../../avr/lib/avr5\libm.a(addsf3x.o)
 .bss           0x00000000        0x0 c:/program files (x86)/atmel/atmel toolchain/avr8 gcc/native/3.4.1061/avr8-gnu-toolchain/bin/../lib/gcc/avr/4.8.1/../../../../avr/lib/avr5\libm.a(addsf3x.o)
 .text          0x00000000        0x0 c:/program files (x86)/atmel/atmel toolchain/avr8 gcc/native/3.4.1061/avr8-gnu-toolchain/bin/../lib/gcc/avr/4.8.1/../../../../avr/lib/avr5\libm.a(divsf3.o)
 .data          0x00000000        0x0 c:/program files (x86)/atmel/atmel toolchain/avr8 gcc/native/3.4.1061/avr8-gnu-toolchain/bin/../lib/gcc/avr/4.8.1/../../../../avr/lib/avr5\libm.a(divsf3.o)
 .bss           0x00000000        0x0 c:/program files (x86)/atmel/atmel toolchain/avr8 gcc/native/3.4.1061/avr8-gnu-toolchain/bin/../lib/gcc/avr/4.8.1/../../../../avr/lib/avr5\libm.a(divsf3.o)
 .text          0x00000000        0x0 c:/program files (x86)/atmel/atmel toolchain/avr8 gcc/native/3.4.1061/avr8-gnu-toolchain/bin/../lib/gcc/avr/4.8.1/../../../../avr/lib/avr5\libm.a(divsf3x.o)
 .data          0x00000000        0x0 c:/program files (x86)/atmel/atmel toolchain/avr8 gcc/native/3.4.1061/avr8-gnu-toolchain/bin/../lib/gcc/avr/4.8.1/../../../../avr/lib/avr5\libm.a(divsf3x.o)
 .bss           0x00000000        0x0 c:/program files (x86)/atmel/atmel toolchain/avr8 gcc/native/3.4.1061/avr8-gnu-toolchain/bin/../lib/gcc/avr/4.8.1/../../../../avr/lib/avr5\libm.a(divsf3x.o)
 .text          0x00000000        0x0 c:/program files (x86)/atmel/atmel toolchain/avr8 gcc/native/3.4.1061/avr8-gnu-toolchain/bin/../lib/gcc/avr/4.8.1/../../../../avr/lib/avr5\libm.a(fixunssfsi.o)
 .data          0x00000000        0x0 c:/program files (x86)/atmel/atmel toolchain/avr8 gcc/native/3.4.1061/avr8-gnu-toolchain/bin/../lib/gcc/avr/4.8.1/../../../../avr/lib/avr5\libm.a(fixunssfsi.o)
 .bss           0x00000000        0x0 c:/program files (x86)/atmel/atmel toolchain/avr8 gcc/native/3.4.1061/avr8-gnu-toolchain/bin/../lib/gcc/avr/4.8.1/../../../../avr/lib/avr5\libm.a(fixunssfsi.o)
 .text          0x00000000        0x0 c:/program files (x86)/atmel/atmel toolchain/avr8 gcc/native/3.4.1061/avr8-gnu-toolchain/bin/../lib/gcc/avr/4.8.1/../../../../avr/lib/avr5\libm.a(floatsisf.o)
 .data          0x00000000        0x0 c:/program files (x86)/atmel/atmel toolchain/avr8 gcc/native/3.4.1061/avr8-gnu-toolchain/bin/../lib/gcc/avr/4.8.1/../../../../avr/lib/avr5\libm.a(floatsisf.o)
 .bss           0x00000000        0x0 c:/program files (x86)/atmel/atmel toolchain/avr8 gcc/native/3.4.1061/avr8-gnu-toolchain/bin/../lib/gcc/avr/4.8.1/../../../../avr/lib/avr5\libm.a(floatsisf.o)
 .text          0x00000000        0x0 c:/program files (x86)/atmel/atmel toolchain/avr8 gcc/native/3.4.1061/avr8-gnu-toolchain/bin/../lib/gcc/avr/4.8.1/../../../../avr/lib/avr5\libm.a(fp_inf.o)
 .data          0x00000000        0x0 c:/program files (x86)/atmel/atmel toolchain/avr8 gcc/native/3.4.1061/avr8-gnu-toolchain/bin/../lib/gcc/avr/4.8.1/../../../../avr/lib/avr5\libm.a(fp_inf.o)
 .bss           0x00000000        0x0 c:/program files (x86)/atmel/atmel toolchain/avr8 gcc/native/3.4.1061/avr8-gnu-toolchain/bin/../lib/gcc/avr/4.8.1/../../../../avr/lib/avr5\libm.a(fp_inf.o)
 .text          0x00000000        0x0 c:/program files (x86)/atmel/atmel toolchain/avr8 gcc/native/3.4.1061/avr8-gnu-toolchain/bin/../lib/gcc/avr/4.8.1/../../../../avr/lib/avr5\libm.a(fp_nan.o)
 .data          0x00000000        0x0 c:/program files (x86)/atmel/atmel toolchain/avr8 gcc/native/3.4.1061/avr8-gnu-toolchain/bin/../lib/gcc/avr/4.8.1/../../../../avr/lib/avr5\libm.a(fp_nan.o)
 .bss           0x00000000        0x0 c:/program files (x86)/atmel/atmel toolchain/avr8 gcc/native/3.4.1061/avr8-gnu-toolchain/bin/../lib/gcc/avr/4.8.1/../../../../avr/lib/avr5\libm.a(fp_nan.o)
 .text          0x00000000        0x0 c:/program files (x86)/atmel/atmel toolchain/avr8 gcc/native/3.4.1061/avr8-gnu-toolchain/bin/../lib/gcc/avr/4.8.1/../../../../avr/lib/avr5\libm.a(fp_pscA.o)
 .data          0x00000000        0x0 c:/program files (x86)/atmel/atmel toolchain/avr8 gcc/native/3.4.1061/avr8-gnu-toolchain/bin/../lib/gcc/avr/4.8.1/../../../../avr/lib/avr5\libm.a(fp_pscA.o)
 .bss           0x00000000        0x0 c:/program files (x86)/atmel/atmel toolchain/avr8 gcc/native/3.4.1061/avr8-gnu-toolchain/bin/../lib/gcc/avr/4.8.1/../../../../avr/lib/avr5\libm.a(fp_pscA.o)
 .text          0x00000000        0x0 c:/program files (x86)/atmel/atmel toolchain/avr8 gcc/native/3.4.1061/avr8-gnu-toolchain/bin/../lib/gcc/avr/4.8.1/../../../../avr/lib/avr5\libm.a(fp_pscB.o)
 .data          0x00000000        0x0 c:/program files (x86)/atmel/atmel toolchain/avr8 gcc/native/3.4.1061/avr8-gnu-toolchain/bin/../lib/gcc/avr/4.8.1/../../../../avr/lib/avr5\libm.a(fp_pscB.o)
 .bss           0x00000000        0x0 c:/program files (x86)/atmel/atmel toolchain/avr8 gcc/native/3.4.1061/avr8-gnu-toolchain/bin/../lib/gcc/avr/4.8.1/../../../../avr/lib/avr5\libm.a(fp_pscB.o)
 .text          0x00000000        0x0 c:/program files (x86)/atmel/atmel toolchain/avr8 gcc/native/3.4.1061/avr8-gnu-toolchain/bin/../lib/gcc/avr/4.8.1/../../../../avr/lib/avr5\libm.a(fp_round.o)
 .data          0x00000000        0x0 c:/program files (x86)/atmel/atmel toolchain/avr8 gcc/native/3.4.1061/avr8-gnu-toolchain/bin/../lib/gcc/avr/4.8.1/../../../../avr/lib/avr5\libm.a(fp_round.o)
 .bss           0x00000000        0x0 c:/program files (x86)/atmel/atmel toolchain/avr8 gcc/native/3.4.1061/avr8-gnu-toolchain/bin/../lib/gcc/avr/4.8.1/../../../../avr/lib/avr5\libm.a(fp_round.o)
 .text          0x00000000        0x0 c:/program files (x86)/atmel/atmel toolchain/avr8 gcc/native/3.4.1061/avr8-gnu-toolchain/bin/../lib/gcc/avr/4.8.1/../../../../avr/lib/avr5\libm.a(fp_split3.o)
 .data          0x00000000        0x0 c:/program files (x86)/atmel/atmel toolchain/avr8 gcc/native/3.4.1061/avr8-gnu-toolchain/bin/../lib/gcc/avr/4.8.1/../../../../avr/lib/avr5\libm.a(fp_split3.o)
 .bss           0x00000000        0x0 c:/program files (x86)/atmel/atmel toolchain/avr8 gcc/native/3.4.1061/avr8-gnu-toolchain/bin/../lib/gcc/avr/4.8.1/../../../../avr/lib/avr5\libm.a(fp_split3.o)
 .text          0x00000000        0x0 c:/program files (x86)/atmel/atmel toolchain/avr8 gcc/native/3.4.1061/avr8-gnu-toolchain/bin/../lib/gcc/avr/4.8.1/../../../../avr/lib/avr5\libm.a(fp_zero.o)
 .data          0x00000000        0x0 c:/program files (x86)/atmel/atmel toolchain/avr8 gcc/native/3.4.1061/avr8-gnu-toolchain/bin/../lib/gcc/avr/4.8.1/../../../../avr/lib/avr5\libm.a(fp_zero.o)
 .bss           0x00000000        0x0 c:/program files (x86)/atmel/atmel toolchain/avr8 gcc/native/3.4.1061/avr8-gnu-toolchain/bin/../lib/gcc/avr/4.8.1/../../../../avr/lib/avr5\libm.a(fp_zero.o)
 .text          0x00000000        0x0 c:/program files (x86)/atmel/atmel toolchain/avr8 gcc/native/3.4.1061/avr8-gnu-toolchain/bin/../lib/gcc/avr/4.8.1/../../../../avr/lib/avr5\libm.a(mulsf3.o)
 .data          0x00000000        0x0 c:/program files (x86)/atmel/atmel toolchain/avr8 gcc/native/3.4.1061/avr8-gnu-toolchain/bin/../lib/gcc/avr/4.8.1/../../../../avr/lib/avr5\libm.a(mulsf3.o)
 .bss           0x00000000        0x0 c:/program files (x86)/atmel/atmel toolchain/avr8 gcc/native/3.4.1061/avr8-gnu-toolchain/bin/../lib/gcc/avr/4.8.1/../../../../avr/lib/avr5\libm.a(mulsf3.o)
 .text          0x00000000        0x0 c:/program files (x86)/atmel/atmel toolchain/avr8 gcc/native/3.4.1061/avr8-gnu-toolchain/bin/../lib/gcc/avr/4.8.1/../../../../avr/lib/avr5\libm.a(mulsf3x.o)
 .data          0x00000000        0x0 c:/program files (x86)/atmel/atmel toolchain/avr8 gcc/native/3.4.1061/avr8-gnu-toolchain/bin/../lib/gcc/avr/4.8.1/../../../../avr/lib/avr5\libm.a(mulsf3x.o)
 .bss           0x00000000        0x0 c:/program files (x86)/atmel/atmel toolchain/avr8 gcc/native/3.4.1061/avr8-gnu-toolchain/bin/../lib/gcc/avr/4.8.1/../../../../avr/lib/avr5\libm.a(mulsf3x.o)
 .text          0x00000000        0x0 c:/program files (x86)/atmel/atmel toolchain/avr8 gcc/native/3.4.1061/avr8-gnu-toolchain/bin/../lib/gcc/avr/4.8.1/avr5\libgcc.a(_udivmodsi4.o)
 .data          0x00000000        0x0 c:/program files (x86)/atmel/atmel toolchain/avr8 gcc/native/3.4.1061/avr8-gnu-toolchain/bin/../lib/gcc/avr/4.8.1/avr5\libgcc.a(_udivmodsi4.o)
 .bss           0x00000000        0x0 c:/program files (x86)/atmel/atmel toolchain/avr8 gcc/native/3.4.1061/avr8-gnu-toolchain/bin/../lib/gcc/avr/4.8.1/avr5\libgcc.a(_udivmodsi4.o)
 .text.libgcc.mul
                0x00000000        0x0 c:/program files (x86)/atmel/atmel toolchain/avr8 gcc/native/3.4.1061/avr8-gnu-toolchain/bin/../lib/gcc/avr/4.8.1/avr5\libgcc.a(_udivmodsi4.o)
 .text.libgcc   0x00000000        0x0 c:/program files (x86)/atmel/atmel toolchain/avr8 gcc/native/3.4.1061/avr8-gnu-toolchain/bin/../lib/gcc/avr/4.8.1/avr5\libgcc.a(_udivmodsi4.o)
 .text.libgcc.prologue
                0x00000000        0x0 c:/program files (x86)/atmel/atmel toolchain/avr8 gcc/native/3.4.1061/avr8-gnu-toolchain/bin/../lib/gcc/avr/4.8.1/avr5\libgcc.a(_udivmodsi4.o)
 .text.libgcc.builtins
                0x00000000        0x0 c:/program files (x86)/atmel/atmel toolchain/avr8 gcc/native/3.4.1061/avr8-gnu-toolchain/bin/../lib/gcc/avr/4.8.1/avr5\libgcc.a(_udivmodsi4.o)
 .text.libgcc.fmul
                0x00000000        0x0 c:/program files (x86)/atmel/atmel toolchain/avr8 gcc/native/3.4.1061/avr8-gnu-toolchain/bin/../lib/gcc/avr/4.8.1/avr5\libgcc.a(_udivmodsi4.o)
 .text.libgcc.fixed
                0x00000000        0x0 c:/program files (x86)/atmel/atmel toolchain/avr8 gcc/native/3.4.1061/avr8-gnu-toolchain/bin/../lib/gcc/avr/4.8.1/avr5\libgcc.a(_udivmodsi4.o)
 .text          0x00000000        0x0 c:/program files (x86)/atmel/atmel toolchain/avr8 gcc/native/3.4.1061/avr8-gnu-toolchain/bin/../lib/gcc/avr/4.8.1/avr5\libgcc.a(_exit.o)
 .data          0x00000000        0x0 c:/program files (x86)/atmel/atmel toolchain/avr8 gcc/native/3.4.1061/avr8-gnu-toolchain/bin/../lib/gcc/avr/4.8.1/avr5\libgcc.a(_exit.o)
 .bss           0x00000000        0x0 c:/program files (x86)/atmel/atmel toolchain/avr8 gcc/native/3.4.1061/avr8-gnu-toolchain/bin/../lib/gcc/avr/4.8.1/avr5\libgcc.a(_exit.o)
 .text.libgcc.mul
                0x00000000        0x0 c:/program files (x86)/atmel/atmel toolchain/avr8 gcc/native/3.4.1061/avr8-gnu-toolchain/bin/../lib/gcc/avr/4.8.1/avr5\libgcc.a(_exit.o)
 .text.libgcc.div
                0x00000000        0x0 c:/program files (x86)/atmel/atmel toolchain/avr8 gcc/native/3.4.1061/avr8-gnu-toolchain/bin/../lib/gcc/avr/4.8.1/avr5\libgcc.a(_exit.o)
 .text.libgcc   0x00000000        0x0 c:/program files (x86)/atmel/atmel toolchain/avr8 gcc/native/3.4.1061/avr8-gnu-toolchain/bin/../lib/gcc/avr/4.8.1/avr5\libgcc.a(_exit.o)
 .text.libgcc.prologue
                0x00000000        0x0 c:/program files (x86)/atmel/atmel toolchain/avr8 gcc/native/3.4.1061/avr8-gnu-toolchain/bin/../lib/gcc/avr/4.8.1/avr5\libgcc.a(_exit.o)
 .text.libgcc.builtins
                0x00000000        0x0 c:/program files (x86)/atmel/atmel toolchain/avr8 gcc/native/3.4.1061/avr8-gnu-toolchain/bin/../lib/gcc/avr/4.8.1/avr5\libgcc.a(_exit.o)
 .text.libgcc.fmul
                0x00000000        0x0 c:/program files (x86)/atmel/atmel toolchain/avr8 gcc/native/3.4.1061/avr8-gnu-toolchain/bin/../lib/gcc/avr/4.8.1/avr5\libgcc.a(_exit.o)
 .text.libgcc.fixed
                0x00000000        0x0 c:/program files (x86)/atmel/atmel toolchain/avr8 gcc/native/3.4.1061/avr8-gnu-toolchain/bin/../lib/gcc/avr/4.8.1/avr5\libgcc.a(_exit.o)
 .text          0x00000000        0x0 c:/program files (x86)/atmel/atmel toolchain/avr8 gcc/native/3.4.1061/avr8-gnu-toolchain/bin/../lib/gcc/avr/4.8.1/avr5\libgcc.a(_copy_data.o)
 .data          0x00000000        0x0 c:/program files (x86)/atmel/atmel toolchain/avr8 gcc/native/3.4.1061/avr8-gnu-toolchain/bin/../lib/gcc/avr/4.8.1/avr5\libgcc.a(_copy_data.o)
 .bss           0x00000000        0x0 c:/program files (x86)/atmel/atmel toolchain/avr8 gcc/native/3.4.1061/avr8-gnu-toolchain/bin/../lib/gcc/avr/4.8.1/avr5\libgcc.a(_copy_data.o)
 .text.libgcc.mul
                0x00000000        0x0 c:/program files (x86)/atmel/atmel toolchain/avr8 gcc/native/3.4.1061/avr8-gnu-toolchain/bin/../lib/gcc/avr/4.8.1/avr5\libgcc.a(_copy_data.o)
 .text.libgcc.div
                0x00000000        0x0 c:/program files (x86)/atmel/atmel toolchain/avr8 gcc/native/3.4.1061/avr8-gnu-toolchain/bin/../lib/gcc/avr/4.8.1/avr5\libgcc.a(_copy_data.o)
 .text.libgcc   0x00000000        0x0 c:/program files (x86)/atmel/atmel toolchain/avr8 gcc/native/3.4.1061/avr8-gnu-toolchain/bin/../lib/gcc/avr/4.8.1/avr5\libgcc.a(_copy_data.o)
 .text.libgcc.prologue
                0x00000000        0x0 c:/program files (x86)/atmel/atmel toolchain/avr8 gcc/native/3.4.1061/avr8-gnu-toolchain/bin/../lib/gcc/avr/4.8.1/avr5\libgcc.a(_copy_data.o)
 .text.libgcc.builtins
                0x00000000        0x0 c:/program files (x86)/atmel/atmel toolchain/avr8 gcc/native/3.4.1061/avr8-gnu-toolchain/bin/../lib/gcc/avr/4.8.1/avr5\libgcc.a(_copy_data.o)
 .text.libgcc.fmul
                0x00000000        0x0 c:/program files (x86)/atmel/atmel toolchain/avr8 gcc/native/3.4.1061/avr8-gnu-toolchain/bin/../lib/gcc/avr/4.8.1/avr5\libgcc.a(_copy_data.o)
 .text.libgcc.fixed
                0x00000000        0x0 c:/program files (x86)/atmel/atmel toolchain/avr8 gcc/native/3.4.1061/avr8-gnu-toolchain/bin/../lib/gcc/avr/4.8.1/avr5\libgcc.a(_copy_data.o)
 .text          0x00000000        0x0 c:/program files (x86)/atmel/atmel toolchain/avr8 gcc/native/3.4.1061/avr8-gnu-toolchain/bin/../lib/gcc/avr/4.8.1/avr5\libgcc.a(_clear_bss.o)
 .data          0x00000000        0x0 c:/program files (x86)/atmel/atmel toolchain/avr8 gcc/native/3.4.1061/avr8-gnu-toolchain/bin/../lib/gcc/avr/4.8.1/avr5\libgcc.a(_clear_bss.o)
 .bss           0x00000000        0x0 c:/program files (x86)/atmel/atmel toolchain/avr8 gcc/native/3.4.1061/avr8-gnu-toolchain/bin/../lib/gcc/avr/4.8.1/avr5\libgcc.a(_clear_bss.o)
 .text.libgcc.mul
                0x00000000        0x0 c:/program files (x86)/atmel/atmel toolchain/avr8 gcc/native/3.4.1061/avr8-gnu-toolchain/bin/../lib/gcc/avr/4.8.1/avr5\libgcc.a(_clear_bss.o)
 .text.libgcc.div
                0x00000000        0x0 c:/program files (x86)/atmel/atmel toolchain/avr8 gcc/native/3.4.1061/avr8-gnu-toolchain/bin/../lib/gcc/avr/4.8.1/avr5\libgcc.a(_clear_bss.o)
 .text.libgcc   0x00000000        0x0 c:/program files (x86)/atmel/atmel toolchain/avr8 gcc/native/3.4.1061/avr8-gnu-toolchain/bin/../lib/gcc/avr/4.8.1/avr5\libgcc.a(_clear_bss.o)
 .text.libgcc.prologue
                0x00000000        0x0 c:/program files (x86)/atmel/atmel toolchain/avr8 gcc/native/3.4.1061/avr8-gnu-toolchain/bin/../lib/gcc/avr/4.8.1/avr5\libgcc.a(_clear_bss.o)
 .text.libgcc.builtins
                0x00000000        0x0 c:/program files (x86)/atmel/atmel toolchain/avr8 gcc/native/3.4.1061/avr8-gnu-toolchain/bin/../lib/gcc/avr/4.8.1/avr5\libgcc.a(_clear_bss.o)
 .text.libgcc.fmul
                0x00000000        0x0 c:/program files (x86)/atmel/atmel toolchain/avr8 gcc/native/3.4.1061/avr8-gnu-toolchain/bin/../lib/gcc/avr/4.8.1/avr5\libgcc.a(_clear_bss.o)
 .text.libgcc.fixed
                0x00000000        0x0 c:/program files (x86)/atmel/atmel toolchain/avr8 gcc/native/3.4.1061/avr8-gnu-toolchain/bin/../lib/gcc/avr/4.8.1/avr5\libgcc.a(_clear_bss.o)

Memory Configuration

Name             Origin             Length             Attributes
text             0x00000000         0x00020000         xr
data             0x00800060         0x0000ffa0         rw !x
eeprom           0x00810000         0x00010000         rw !x
fuse             0x00820000         0x00000400         rw !x
lock             0x00830000         0x00000400         rw !x
signature        0x00840000         0x00000400         rw !x
user_signatures  0x00850000         0x00000400         rw !x
*default*        0x00000000         0xffffffff

Linker script and memory map

LOAD c:/program files (x86)/atmel/atmel toolchain/avr8 gcc/native/3.4.1061/avr8-gnu-toolchain/bin/../lib/gcc/avr/4.8.1/../../../../avr/lib/avr5/crtm32.o
LOAD ADC/adc.o
LOAD AMIT_PR_1.o
LOAD DIO/DIO.o
LOAD EEPROM/EEPROM.o
LOAD I2C/I2C.o
LOAD KPD/KEYPAD.o
LOAD KPD/KEYPAD_Lcfg.o
LOAD LCD/LCD.o
LOAD LCD/LCD_Lcfg.o
LOAD LM35/LM35.o
LOAD RTC/RTC.o
LOAD SPI/SPI.o
LOAD SPI/SPI_Lcfg.o
LOAD SYSTEM_SCNS.o
LOAD TC72/TC72.o
LOAD TC72/TC72_Lcfg.o
LOAD Timer/TMGR.o
LOAD Timer/TMR.o
LOAD UART/UART.o
LOAD UART/UART_LCFG.o
START GROUP
LOAD c:/program files (x86)/atmel/atmel toolchain/avr8 gcc/native/3.4.1061/avr8-gnu-toolchain/bin/../lib/gcc/avr/4.8.1/../../../../avr/lib/avr5\libm.a
END GROUP
START GROUP
LOAD c:/program files (x86)/atmel/atmel toolchain/avr8 gcc/native/3.4.1061/avr8-gnu-toolchain/bin/../lib/gcc/avr/4.8.1/avr5\libgcc.a
LOAD c:/program files (x86)/atmel/atmel toolchain/avr8 gcc/native/3.4.1061/avr8-gnu-toolchain/bin/../lib/gcc/avr/4.8.1/../../../../avr/lib/avr5\libm.a
LOAD c:/program files (x86)/atmel/atmel toolchain/avr8 gcc/native/3.4.1061/avr8-gnu-toolchain/bin/../lib/gcc/avr/4.8.1/../../../../avr/lib/avr5\libc.a
END GROUP

.hash
 *(.hash)

.dynsym
 *(.dynsym)

.dynstr
 *(.dynstr)

.gnu.version
 *(.gnu.version)

.gnu.version_d
 *(.gnu.version_d)

.gnu.version_r
 *(.gnu.version_r)

.rel.init
 *(.rel.init)

.rela.init
 *(.rela.init)

.rel.text
 *(.rel.text)
 *(.rel.text.*)
 *(.rel.gnu.linkonce.t*)

.rela.text
 *(.rela.text)
 *(.rela.text.*)
 *(.rela.gnu.linkonce.t*)

.rel.fini
 *(.rel.fini)

.rela.fini
 *(.rela.fini)

.rel.rodata
 *(.rel.rodata)
 *(.rel.rodata.*)
 *(.rel.gnu.linkonce.r*)

.rela.rodata
 *(.rela.rodata)
 *(.rela.rodata.*)
 *(.rela.gnu.linkonce.r*)

.rel.data
 *(.rel.data)
 *(.rel.data.*)
 *(.rel.gnu.linkonce.d*)

.rela.data
 *(.rela.data)
 *(.rela.data.*)
 *(.rela.gnu.linkonce.d*)

.rel.ctors
 *(.rel.ctors)

.rela.ctors
 *(.rela.ctors)

.rel.dtors
 *(.rel.dtors)

.rela.dtors
 *(.rela.dtors)

.rel.got
 *(.rel.got)

.rela.got
 *(.rela.got)

.rel.bss
 *(.rel.bss)

.rela.bss
 *(.rela.bss)

.rel.plt
 *(.rel.plt)

.rela.plt
 *(.rela.plt)

.text           0x00000000     0x169a
 *(.vectors)
 .vectors       0x00000000       0x54 c:/program files (x86)/atmel/atmel toolchain/avr8 gcc/native/3.4.1061/avr8-gnu-toolchain/bin/../lib/gcc/avr/4.8.1/../../../../avr/lib/avr5/crtm32.o
                0x00000000                __vector_default
                0x00000000                __vectors
 *(.vectors)
 *(.progmem.gcc*)
                0x00000054                . = ALIGN (0x2)
                0x00000054                __trampolines_start = .
 *(.trampolines)
 .trampolines   0x00000054        0x0 linker stubs
 *(.trampolines*)
                0x00000054                __trampolines_end = .
 *(.progmem*)
                0x00000054                . = ALIGN (0x2)
 *(.jumptables)
 *(.jumptables*)
 *(.lowtext)
 *(.lowtext*)
                0x00000054                __ctors_start = .
 *(.ctors)
                0x00000054                __ctors_end = .
                0x00000054                __dtors_start = .
 *(.dtors)
                0x00000054                __dtors_end = .
 SORT(*)(.ctors)
 SORT(*)(.dtors)
 *(.init0)
 .init0         0x00000054        0x0 c:/program files (x86)/atmel/atmel toolchain/avr8 gcc/native/3.4.1061/avr8-gnu-toolchain/bin/../lib/gcc/avr/4.8.1/../../../../avr/lib/avr5/crtm32.o
                0x00000054                __init
 *(.init0)
 *(.init1)
 *(.init1)
 *(.init2)
 .init2         0x00000054        0xc c:/program files (x86)/atmel/atmel toolchain/avr8 gcc/native/3.4.1061/avr8-gnu-toolchain/bin/../lib/gcc/avr/4.8.1/../../../../avr/lib/avr5/crtm32.o
 *(.init2)
 *(.init3)
 *(.init3)
 *(.init4)
 .init4         0x00000060       0x16 c:/program files (x86)/atmel/atmel toolchain/avr8 gcc/native/3.4.1061/avr8-gnu-toolchain/bin/../lib/gcc/avr/4.8.1/avr5\libgcc.a(_copy_data.o)
                0x00000060                __do_copy_data
 .init4         0x00000076       0x10 c:/program files (x86)/atmel/atmel toolchain/avr8 gcc/native/3.4.1061/avr8-gnu-toolchain/bin/../lib/gcc/avr/4.8.1/avr5\libgcc.a(_clear_bss.o)
                0x00000076                __do_clear_bss
 *(.init4)
 *(.init5)
 *(.init5)
 *(.init6)
 *(.init6)
 *(.init7)
 *(.init7)
 *(.init8)
 *(.init8)
 *(.init9)
 .init9         0x00000086        0x8 c:/program files (x86)/atmel/atmel toolchain/avr8 gcc/native/3.4.1061/avr8-gnu-toolchain/bin/../lib/gcc/avr/4.8.1/../../../../avr/lib/avr5/crtm32.o
 *(.init9)
 *(.text)
 .text          0x0000008e        0x4 c:/program files (x86)/atmel/atmel toolchain/avr8 gcc/native/3.4.1061/avr8-gnu-toolchain/bin/../lib/gcc/avr/4.8.1/../../../../avr/lib/avr5/crtm32.o
                0x0000008e                __vector_1
                0x0000008e                __vector_12
                0x0000008e                __bad_interrupt
                0x0000008e                __vector_6
                0x0000008e                __vector_3
                0x0000008e                __vector_11
                0x0000008e                __vector_17
                0x0000008e                __vector_19
                0x0000008e                __vector_7
                0x0000008e                __vector_5
                0x0000008e                __vector_4
                0x0000008e                __vector_9
                0x0000008e                __vector_2
                0x0000008e                __vector_15
                0x0000008e                __vector_8
                0x0000008e                __vector_14
                0x0000008e                __vector_16
                0x0000008e                __vector_18
                0x0000008e                __vector_20
                0x00000092                . = ALIGN (0x2)
 *(.text.*)
 .text.ADC_Init
                0x00000092       0x18 ADC/adc.o
                0x00000092                ADC_Init
 .text.read_adc
                0x000000aa       0x1a ADC/adc.o
                0x000000aa                read_adc
 .text.main     0x000000c4       0x98 AMIT_PR_1.o
                0x000000c4                main
 .text.DIO_InitPortDirection
                0x0000015c       0x60 DIO/DIO.o
                0x0000015c                DIO_InitPortDirection
 .text.DIO_WritePort
                0x000001bc       0x60 DIO/DIO.o
                0x000001bc                DIO_WritePort
 .text.DIO_ReadPort
                0x0000021c       0x2c DIO/DIO.o
                0x0000021c                DIO_ReadPort
 .text.EEPROM_Write
                0x00000248       0x10 EEPROM/EEPROM.o
                0x00000248                EEPROM_Write
 .text.EEPROM_Read
                0x00000258        0xe EEPROM/EEPROM.o
                0x00000258                EEPROM_Read
 .text.TWI_Init
                0x00000266       0x10 I2C/I2C.o
                0x00000266                TWI_Init
 .text.TWI_Start
                0x00000276        0xc I2C/I2C.o
                0x00000276                TWI_Start
 .text.TWI_Stop
                0x00000282        0x6 I2C/I2C.o
                0x00000282                TWI_Stop
 .text.TWI_Write
                0x00000288        0xe I2C/I2C.o
                0x00000288                TWI_Write
 .text.TWI_Read_With_NACK
                0x00000296        0xe I2C/I2C.o
                0x00000296                TWI_Read_With_NACK
 .text.KPD_Init
                0x000002a4       0x72 KPD/KEYPAD.o
                0x000002a4                KPD_Init
 .text.KPD_Getkey
                0x00000316      0x12c KPD/KEYPAD.o
                0x00000316                KPD_Getkey
 .text.enableTrigger
                0x00000442       0x5c LCD/LCD.o
                0x00000442                enableTrigger
 .text.lcd_sendCommand
                0x0000049e       0x64 LCD/LCD.o
 .text.lcd_Init
                0x00000502      0x11e LCD/LCD.o
                0x00000502                lcd_Init
 .text.lcd_displayChar
                0x00000620       0x64 LCD/LCD.o
                0x00000620                lcd_displayChar
 .text.lcd_gotoxy
                0x00000684       0x32 LCD/LCD.o
                0x00000684                lcd_gotoxy
 .text.lcd_clrScreen
                0x000006b6        0xa LCD/LCD.o
                0x000006b6                lcd_clrScreen
 .text.lcd_dispString
                0x000006c0       0x26 LCD/LCD.o
                0x000006c0                lcd_dispString
 .text.lcd_disp_string_xy
                0x000006e6       0x24 LCD/LCD.o
                0x000006e6                lcd_disp_string_xy
 .text.lcd_disp_int
                0x0000070a       0xb6 LCD/LCD.o
                0x0000070a                lcd_disp_int
 .text.lcd_disp_float
                0x000007c0       0x66 LCD/LCD.o
                0x000007c0                lcd_disp_float
 .text.LM35_Init
                0x00000826        0x6 LM35/LM35.o
                0x00000826                LM35_Init
 .text.LM35_TempRead
                0x0000082c       0x38 LM35/LM35.o
                0x0000082c                LM35_TempRead
 .text.RTC_Init
                0x00000864        0x6 RTC/RTC.o
                0x00000864                RTC_Init
 .text.RTC_getHours
                0x0000086a       0x40 RTC/RTC.o
                0x0000086a                RTC_getHours
 .text.RTC_getSeconds
                0x000008aa       0x40 RTC/RTC.o
                0x000008aa                RTC_getSeconds
 .text.RTC_getMinutes
                0x000008ea       0x40 RTC/RTC.o
                0x000008ea                RTC_getMinutes
 .text.RTC_getDate
                0x0000092a       0x40 RTC/RTC.o
                0x0000092a                RTC_getDate
 .text.RTC_getMonth
                0x0000096a       0x3e RTC/RTC.o
                0x0000096a                RTC_getMonth
 .text.RTC_getYear
                0x000009a8       0x3e RTC/RTC.o
                0x000009a8                RTC_getYear
 .text.SPI_vidInit
                0x000009e6       0x9c SPI/SPI.o
                0x000009e6                SPI_vidInit
 .text.SPI_u8TransfereByte
                0x00000a82        0xa SPI/SPI.o
                0x00000a82                SPI_u8TransfereByte
 .text.getUARTRxData
                0x00000a8c       0x64 SYSTEM_SCNS.o
 .text.WelcomeScreen_Init
                0x00000af0       0x2a SYSTEM_SCNS.o
                0x00000af0                WelcomeScreen_Init
 .text.systemEntrySCN_Init
                0x00000b1a       0x26 SYSTEM_SCNS.o
                0x00000b1a                systemEntrySCN_Init
 .text.PasswordChangeSCN_Init
                0x00000b40       0x38 SYSTEM_SCNS.o
                0x00000b40                PasswordChangeSCN_Init
 .text.PasswordEntrySCN_Update
                0x00000b78       0x1a SYSTEM_SCNS.o
                0x00000b78                PasswordEntrySCN_Update
 .text.PasswordEntrySCN_Init
                0x00000b92       0x36 SYSTEM_SCNS.o
                0x00000b92                PasswordEntrySCN_Init
 .text.LockedSCN_Update
                0x00000bc8       0x28 SYSTEM_SCNS.o
                0x00000bc8                LockedSCN_Update
 .text.LockedSCN_Init
                0x00000bf0       0x32 SYSTEM_SCNS.o
                0x00000bf0                LockedSCN_Init
 .text.welcomeScreen_Update
                0x00000c22       0xa0 SYSTEM_SCNS.o
                0x00000c22                welcomeScreen_Update
 .text.MainSCN_Update
                0x00000cc2       0xba SYSTEM_SCNS.o
                0x00000cc2                MainSCN_Update
 .text.MainSCN_Init
                0x00000d7c       0x2e SYSTEM_SCNS.o
                0x00000d7c                MainSCN_Init
 .text.LockedSCN_CounterDecrement
                0x00000daa       0x2e SYSTEM_SCNS.o
                0x00000daa                LockedSCN_CounterDecrement
 .text.system_vidInitialize
                0x00000dd8       0x76 SYSTEM_SCNS.o
                0x00000dd8                system_vidInitialize
 .text.u8Check_Password
                0x00000e4e       0x9c SYSTEM_SCNS.o
                0x00000e4e                u8Check_Password
 .text.KPD_PasswordEntered
                0x00000eea       0xdc SYSTEM_SCNS.o
                0x00000eea                KPD_PasswordEntered
 .text.Read_Or_Write
                0x00000fc6       0x48 TC72/TC72.o
 .text.TC72_Init
                0x0000100e       0x3c TC72/TC72.o
                0x0000100e                TC72_Init
 .text.TC72_TempRead
                0x0000104a       0x22 TC72/TC72.o
                0x0000104a                TC72_TempRead
 .text.TC72_floatTempRead
                0x0000106c       0x58 TC72/TC72.o
                0x0000106c                TC72_floatTempRead
 .text.TMGR_Cyclic1sCbkFn
                0x000010c4        0x6 Timer/TMGR.o
                0x000010c4                TMGR_Cyclic1sCbkFn
 .text.TMGR_Cyclic25msCbkFn
                0x000010ca        0x6 Timer/TMGR.o
                0x000010ca                TMGR_Cyclic25msCbkFn
 .text.TMGR_Init
                0x000010d0       0x10 Timer/TMGR.o
                0x000010d0                TMGR_Init
 .text.TMGR_ChangeFunctionAndTime
                0x000010e0       0x10 Timer/TMGR.o
                0x000010e0                TMGR_ChangeFunctionAndTime
 .text.TMR_InitIsrEvery25ms
                0x000010f0       0x20 Timer/TMR.o
                0x000010f0                TMR_InitIsrEvery25ms
 .text.TMR_FunctionCbkChange
                0x00001110        0xa Timer/TMR.o
                0x00001110                TMR_FunctionCbkChange
 .text.TMR_setCountCompare
                0x0000111a        0xa Timer/TMR.o
                0x0000111a                TMR_setCountCompare
 .text.__vector_10
                0x00001124       0x64 Timer/TMR.o
                0x00001124                __vector_10
 .text.UART_vidInit
                0x00001188       0x66 UART/UART.o
                0x00001188                UART_vidInit
 .text.UART_receiveDataIntoBuffer
                0x000011ee       0x1a UART/UART.o
                0x000011ee                UART_receiveDataIntoBuffer
 .text.__vector_13
                0x00001208       0x76 UART/UART.o
                0x00001208                __vector_13
 .text.avr-libc.fplib
                0x0000127e        0xa c:/program files (x86)/atmel/atmel toolchain/avr8 gcc/native/3.4.1061/avr8-gnu-toolchain/bin/../lib/gcc/avr/4.8.1/../../../../avr/lib/avr5\libm.a(addsf3.o)
                0x0000127e                __subsf3
                0x00001280                __addsf3
 .text.avr-libc.fplib
                0x00001288       0xc0 c:/program files (x86)/atmel/atmel toolchain/avr8 gcc/native/3.4.1061/avr8-gnu-toolchain/bin/../lib/gcc/avr/4.8.1/../../../../avr/lib/avr5\libm.a(addsf3x.o)
                0x000012a2                __addsf3x
 .text.avr-libc.fplib
                0x00001348        0x4 c:/program files (x86)/atmel/atmel toolchain/avr8 gcc/native/3.4.1061/avr8-gnu-toolchain/bin/../lib/gcc/avr/4.8.1/../../../../avr/lib/avr5\libm.a(divsf3.o)
                0x00001348                __divsf3
 .text.avr-libc.fplib
                0x0000134c       0xcc c:/program files (x86)/atmel/atmel toolchain/avr8 gcc/native/3.4.1061/avr8-gnu-toolchain/bin/../lib/gcc/avr/4.8.1/../../../../avr/lib/avr5\libm.a(divsf3x.o)
                0x00001362                __divsf3x
                0x00001366                __divsf3_pse
 .text.avr-libc.fplib
                0x00001418       0x58 c:/program files (x86)/atmel/atmel toolchain/avr8 gcc/native/3.4.1061/avr8-gnu-toolchain/bin/../lib/gcc/avr/4.8.1/../../../../avr/lib/avr5\libm.a(fixunssfsi.o)
                0x00001418                __fixunssfsi
 .text.avr-libc.fplib
                0x00001470       0x7a c:/program files (x86)/atmel/atmel toolchain/avr8 gcc/native/3.4.1061/avr8-gnu-toolchain/bin/../lib/gcc/avr/4.8.1/../../../../avr/lib/avr5\libm.a(floatsisf.o)
                0x00001470                __floatunsisf
                0x00001474                __floatsisf
 .text.avr-libc.fplib
                0x000014ea        0xc c:/program files (x86)/atmel/atmel toolchain/avr8 gcc/native/3.4.1061/avr8-gnu-toolchain/bin/../lib/gcc/avr/4.8.1/../../../../avr/lib/avr5\libm.a(fp_inf.o)
                0x000014ea                __fp_inf
 .text.avr-libc.fplib
                0x000014f6        0x6 c:/program files (x86)/atmel/atmel toolchain/avr8 gcc/native/3.4.1061/avr8-gnu-toolchain/bin/../lib/gcc/avr/4.8.1/../../../../avr/lib/avr5\libm.a(fp_nan.o)
                0x000014f6                __fp_nan
 .text.avr-libc.fplib
                0x000014fc        0xe c:/program files (x86)/atmel/atmel toolchain/avr8 gcc/native/3.4.1061/avr8-gnu-toolchain/bin/../lib/gcc/avr/4.8.1/../../../../avr/lib/avr5\libm.a(fp_pscA.o)
                0x000014fc                __fp_pscA
 .text.avr-libc.fplib
                0x0000150a        0xe c:/program files (x86)/atmel/atmel toolchain/avr8 gcc/native/3.4.1061/avr8-gnu-toolchain/bin/../lib/gcc/avr/4.8.1/../../../../avr/lib/avr5\libm.a(fp_pscB.o)
                0x0000150a                __fp_pscB
 .text.avr-libc.fplib
                0x00001518       0x22 c:/program files (x86)/atmel/atmel toolchain/avr8 gcc/native/3.4.1061/avr8-gnu-toolchain/bin/../lib/gcc/avr/4.8.1/../../../../avr/lib/avr5\libm.a(fp_round.o)
                0x00001518                __fp_round
 .text.avr-libc.fplib
                0x0000153a       0x44 c:/program files (x86)/atmel/atmel toolchain/avr8 gcc/native/3.4.1061/avr8-gnu-toolchain/bin/../lib/gcc/avr/4.8.1/../../../../avr/lib/avr5\libm.a(fp_split3.o)
                0x0000153a                __fp_split3
                0x0000154a                __fp_splitA
 .text.avr-libc.fplib
                0x0000157e        0xe c:/program files (x86)/atmel/atmel toolchain/avr8 gcc/native/3.4.1061/avr8-gnu-toolchain/bin/../lib/gcc/avr/4.8.1/../../../../avr/lib/avr5\libm.a(fp_zero.o)
                0x0000157e                __fp_zero
                0x00001580                __fp_szero
 .text.avr-libc.fplib
                0x0000158c        0x4 c:/program files (x86)/atmel/atmel toolchain/avr8 gcc/native/3.4.1061/avr8-gnu-toolchain/bin/../lib/gcc/avr/4.8.1/../../../../avr/lib/avr5\libm.a(mulsf3.o)
                0x0000158c                __mulsf3
 .text.avr-libc.fplib
                0x00001590       0xc2 c:/program files (x86)/atmel/atmel toolchain/avr8 gcc/native/3.4.1061/avr8-gnu-toolchain/bin/../lib/gcc/avr/4.8.1/../../../../avr/lib/avr5\libm.a(mulsf3x.o)
                0x000015a4                __mulsf3x
                0x000015a8                __mulsf3_pse
 .text.libgcc.div
                0x00001652       0x44 c:/program files (x86)/atmel/atmel toolchain/avr8 gcc/native/3.4.1061/avr8-gnu-toolchain/bin/../lib/gcc/avr/4.8.1/avr5\libgcc.a(_udivmodsi4.o)
                0x00001652                __udivmodsi4
                0x00001696                . = ALIGN (0x2)
 *(.fini9)
 .fini9         0x00001696        0x0 c:/program files (x86)/atmel/atmel toolchain/avr8 gcc/native/3.4.1061/avr8-gnu-toolchain/bin/../lib/gcc/avr/4.8.1/avr5\libgcc.a(_exit.o)
                0x00001696                _exit
                0x00001696                exit
 *(.fini9)
 *(.fini8)
 *(.fini8)
 *(.fini7)
 *(.fini7)
 *(.fini6)
 *(.fini6)
 *(.fini5)
 *(.fini5)
 *(.fini4)
 *(.fini4)
 *(.fini3)
 *(.fini3)
 *(.fini2)
 *(.fini2)
 *(.fini1)
 *(.fini1)
 *(.fini0)
 .fini0         0x00001696        0x4 c:/program files (x86)/atmel/atmel toolchain/avr8 gcc/native/3.4.1061/avr8-gnu-toolchain/bin/../lib/gcc/avr/4.8.1/avr5\libgcc.a(_exit.o)
 *(.fini0)
                0x0000169a                _etext = .

.data           0x00800060       0xea load address 0x0000169a
                0x00800060                PROVIDE (__data_start, .)
 *(.data)
 *(.data*)
 .data.welcome  0x00800060        0x8 AMIT_PR_1.o
                0x00800060                welcome
 .data.PasswordAddresses
                0x00800068        0x6 AMIT_PR_1.o
                0x00800068                PasswordAddresses
 .data.defaultPassword
                0x0080006e        0x6 AMIT_PR_1.o
                0x0080006e                defaultPassword
 .data.KPD_Map  0x00800074        0xc KPD/KEYPAD_Lcfg.o
                0x00800074                KPD_Map
 .data.KPD_ConfigData
                0x00800080        0xe KPD/KEYPAD_Lcfg.o
                0x00800080                KPD_ConfigData
 .data.LCD_ConfigData
                0x0080008e        0x8 LCD/LCD_Lcfg.o
                0x0080008e                LCD_ConfigData
 .data.TC72_ConfigData
                0x00800096        0x8 TC72/TC72_Lcfg.o
                0x00800096                TC72_ConfigData
 *(.rodata)
 *(.rodata*)
 .rodata.clk    0x0080009e       0x23 SPI/SPI_Lcfg.o
                0x0080009e                clk
 .rodata.SPI_InitConfig
                0x008000c1        0x6 SPI/SPI_Lcfg.o
                0x008000c1                SPI_InitConfig
 .rodata.str1.1
                0x008000c7       0x7b SYSTEM_SCNS.o
                                 0x7d (size before relaxing)
 .rodata.UART_CfgData
                0x00800142        0x7 UART/UART_LCFG.o
                0x00800142                UART_CfgData
 *(.gnu.linkonce.d*)
                0x0080014a                . = ALIGN (0x2)
 *fill*         0x00800149        0x1 
                0x0080014a                _edata = .
                0x0080014a                PROVIDE (__data_end, .)

.bss            0x0080014a       0x20
                0x0080014a                PROVIDE (__bss_start, .)
 *(.bss)
 *(.bss*)
 .bss.newPasswordReceived
                0x0080014a        0x1 AMIT_PR_1.o
                0x0080014a                newPasswordReceived
 .bss.prevVal.1636
                0x0080014b        0x1 KPD/KEYPAD.o
 .bss.passEntered.1576
                0x0080014c        0x6 SYSTEM_SCNS.o
 .bss.passCount.1575
                0x00800152        0x1 SYSTEM_SCNS.o
 .bss.LoopIndex.1563
                0x00800153        0x1 SYSTEM_SCNS.o
 .bss.direction.1564
                0x00800154        0x1 SYSTEM_SCNS.o
 .bss.newPassword
                0x00800155        0x6 SYSTEM_SCNS.o
 .bss.countTemp
                0x0080015b        0x1 SYSTEM_SCNS.o
 .bss.countValue
                0x0080015c        0x1 SYSTEM_SCNS.o
 .bss.trialsNumber
                0x0080015d        0x1 SYSTEM_SCNS.o
 .bss.welcomeWordLength
                0x0080015e        0x1 SYSTEM_SCNS.o
 .bss.countCompare
                0x0080015f        0x1 Timer/TMR.o
 .bss.count     0x00800160        0x1 Timer/TMR.o
 .bss.TMR_CylicFunPtr
                0x00800161        0x2 Timer/TMR.o
 .bss.count     0x00800163        0x1 UART/UART.o
 .bss.bufferLength
                0x00800164        0x1 UART/UART.o
 .bss.bufferPtr
                0x00800165        0x2 UART/UART.o
 .bss.USART_CbkRxFun
                0x00800167        0x2 UART/UART.o
 *(COMMON)
 COMMON         0x00800169        0x1 AMIT_PR_1.o
                0x00800169                currentScreen
                0x0080016a                PROVIDE (__bss_end, .)
                0x0000169a                __data_load_start = LOADADDR (.data)
                0x00001784                __data_load_end = (__data_load_start + SIZEOF (.data))

.noinit         0x0080016a        0x0
                0x0080016a                PROVIDE (__noinit_start, .)
 *(.noinit*)
                0x0080016a                PROVIDE (__noinit_end, .)
                0x0080016a                _end = .
                0x0080016a                PROVIDE (__heap_start, .)

.eeprom         0x00810000        0x0
 *(.eeprom*)
                0x00810000                __eeprom_end = .

.fuse
 *(.fuse)
 *(.lfuse)
 *(.hfuse)
 *(.efuse)

.lock
 *(.lock*)

.signature
 *(.signature*)

.user_signatures
 *(.user_signatures*)

.stab
 *(.stab)

.stabstr
 *(.stabstr)

.stab.excl
 *(.stab.excl)

.stab.exclstr
 *(.stab.exclstr)

.stab.index
 *(.stab.index)

.stab.indexstr
 *(.stab.indexstr)

.comment        0x00000000       0x30
 *(.comment)
 .comment       0x00000000       0x30 ADC/adc.o
                                 0x31 (size before relaxing)
 .comment       0x00000000       0x31 AMIT_PR_1.o
 .comment       0x00000000       0x31 DIO/DIO.o
 .comment       0x00000000       0x31 EEPROM/EEPROM.o
 .comment       0x00000000       0x31 I2C/I2C.o
 .comment       0x00000000       0x31 KPD/KEYPAD.o
 .comment       0x00000000       0x31 KPD/KEYPAD_Lcfg.o
 .comment       0x00000000       0x31 LCD/LCD.o
 .comment       0x00000000       0x31 LCD/LCD_Lcfg.o
 .comment       0x00000000       0x31 LM35/LM35.o
 .comment       0x00000000       0x31 RTC/RTC.o
 .comment       0x00000000       0x31 SPI/SPI.o
 .comment       0x00000000       0x31 SPI/SPI_Lcfg.o
 .comment       0x00000000       0x31 SYSTEM_SCNS.o
 .comment       0x00000000       0x31 TC72/TC72.o
 .comment       0x00000000       0x31 TC72/TC72_Lcfg.o
 .comment       0x00000000       0x31 Timer/TMGR.o
 .comment       0x00000000       0x31 Timer/TMR.o
 .comment       0x00000000       0x31 UART/UART.o
 .comment       0x00000000       0x31 UART/UART_LCFG.o

.note.gnu.build-id
 *(.note.gnu.build-id)

.debug
 *(.debug)

.line
 *(.line)

.debug_srcinfo
 *(.debug_srcinfo)

.debug_sfnames
 *(.debug_sfnames)

.debug_aranges  0x00000000      0x410
 *(.debug_aranges)
 .debug_aranges
                0x00000000       0x28 ADC/adc.o
 .debug_aranges
                0x00000028       0x20 AMIT_PR_1.o
 .debug_aranges
                0x00000048       0x30 DIO/DIO.o
 .debug_aranges
                0x00000078       0x28 EEPROM/EEPROM.o
 .debug_aranges
                0x000000a0       0x50 I2C/I2C.o
 .debug_aranges
                0x000000f0       0x28 KPD/KEYPAD.o
 .debug_aranges
                0x00000118       0x18 KPD/KEYPAD_Lcfg.o
 .debug_aranges
                0x00000130       0x68 LCD/LCD.o
 .debug_aranges
                0x00000198       0x18 LCD/LCD_Lcfg.o
 .debug_aranges
                0x000001b0       0x28 LM35/LM35.o
 .debug_aranges
                0x000001d8       0x58 RTC/RTC.o
 .debug_aranges
                0x00000230       0x28 SPI/SPI.o
 .debug_aranges
                0x00000258       0x18 SPI/SPI_Lcfg.o
 .debug_aranges
                0x00000270       0x90 SYSTEM_SCNS.o
 .debug_aranges
                0x00000300       0x38 TC72/TC72.o
 .debug_aranges
                0x00000338       0x18 TC72/TC72_Lcfg.o
 .debug_aranges
                0x00000350       0x38 Timer/TMGR.o
 .debug_aranges
                0x00000388       0x38 Timer/TMR.o
 .debug_aranges
                0x000003c0       0x38 UART/UART.o
 .debug_aranges
                0x000003f8       0x18 UART/UART_LCFG.o

.debug_pubnames
 *(.debug_pubnames)

.debug_info     0x00000000     0x3562
 *(.debug_info .gnu.linkonce.wi.*)
 .debug_info    0x00000000       0xce ADC/adc.o
 .debug_info    0x000000ce      0x34c AMIT_PR_1.o
 .debug_info    0x0000041a      0x157 DIO/DIO.o
 .debug_info    0x00000571       0xcd EEPROM/EEPROM.o
 .debug_info    0x0000063e      0x137 I2C/I2C.o
 .debug_info    0x00000775      0x30b KPD/KEYPAD.o
 .debug_info    0x00000a80      0x123 KPD/KEYPAD_Lcfg.o
 .debug_info    0x00000ba3      0x805 LCD/LCD.o
 .debug_info    0x000013a8       0xff LCD/LCD_Lcfg.o
 .debug_info    0x000014a7       0xfa LM35/LM35.o
 .debug_info    0x000015a1      0x4aa RTC/RTC.o
 .debug_info    0x00001a4b      0x1e2 SPI/SPI.o
 .debug_info    0x00001c2d      0x110 SPI/SPI_Lcfg.o
 .debug_info    0x00001d3d      0xdf5 SYSTEM_SCNS.o
 .debug_info    0x00002b32      0x32e TC72/TC72.o
 .debug_info    0x00002e60       0xe8 TC72/TC72_Lcfg.o
 .debug_info    0x00002f48      0x1e6 Timer/TMGR.o
 .debug_info    0x0000312e      0x163 Timer/TMR.o
 .debug_info    0x00003291      0x211 UART/UART.o
 .debug_info    0x000034a2       0xc0 UART/UART_LCFG.o

.debug_abbrev   0x00000000     0x12f0
 *(.debug_abbrev)
 .debug_abbrev  0x00000000       0x8b ADC/adc.o
 .debug_abbrev  0x0000008b      0x14b AMIT_PR_1.o
 .debug_abbrev  0x000001d6       0xa7 DIO/DIO.o
 .debug_abbrev  0x0000027d       0x80 EEPROM/EEPROM.o
 .debug_abbrev  0x000002fd       0xbd I2C/I2C.o
 .debug_abbrev  0x000003ba      0x151 KPD/KEYPAD.o
 .debug_abbrev  0x0000050b       0x74 KPD/KEYPAD_Lcfg.o
 .debug_abbrev  0x0000057f      0x1f0 LCD/LCD.o
 .debug_abbrev  0x0000076f       0x74 LCD/LCD_Lcfg.o
 .debug_abbrev  0x000007e3       0xcb LM35/LM35.o
 .debug_abbrev  0x000008ae       0xdc RTC/RTC.o
 .debug_abbrev  0x0000098a      0x136 SPI/SPI.o
 .debug_abbrev  0x00000ac0       0x8c SPI/SPI_Lcfg.o
 .debug_abbrev  0x00000b4c      0x299 SYSTEM_SCNS.o
 .debug_abbrev  0x00000de5      0x17d TC72/TC72.o
 .debug_abbrev  0x00000f62       0x62 TC72/TC72_Lcfg.o
 .debug_abbrev  0x00000fc4       0xfc Timer/TMGR.o
 .debug_abbrev  0x000010c0       0xb5 Timer/TMR.o
 .debug_abbrev  0x00001175      0x112 UART/UART.o
 .debug_abbrev  0x00001287       0x69 UART/UART_LCFG.o

.debug_line     0x00000000     0x111f
 *(.debug_line .debug_line.* .debug_line_end)
 .debug_line    0x00000000       0x73 ADC/adc.o
 .debug_line    0x00000073      0x11b AMIT_PR_1.o
 .debug_line    0x0000018e       0xfd DIO/DIO.o
 .debug_line    0x0000028b       0x7b EEPROM/EEPROM.o
 .debug_line    0x00000306      0x129 I2C/I2C.o
 .debug_line    0x0000042f       0xdb KPD/KEYPAD.o
 .debug_line    0x0000050a       0x5b KPD/KEYPAD_Lcfg.o
 .debug_line    0x00000565      0x25c LCD/LCD.o
 .debug_line    0x000007c1       0x55 LCD/LCD_Lcfg.o
 .debug_line    0x00000816       0x85 LM35/LM35.o
 .debug_line    0x0000089b      0x111 RTC/RTC.o
 .debug_line    0x000009ac       0x98 SPI/SPI.o
 .debug_line    0x00000a44       0x55 SPI/SPI_Lcfg.o
 .debug_line    0x00000a99      0x29c SYSTEM_SCNS.o
 .debug_line    0x00000d35       0xda TC72/TC72.o
 .debug_line    0x00000e0f       0x59 TC72/TC72_Lcfg.o
 .debug_line    0x00000e68       0xa1 Timer/TMGR.o
 .debug_line    0x00000f09      0x10a Timer/TMR.o
 .debug_line    0x00001013       0xb3 UART/UART.o
 .debug_line    0x000010c6       0x59 UART/UART_LCFG.o

.debug_frame    0x00000000      0x89c
 *(.debug_frame)
 .debug_frame   0x00000000       0x34 ADC/adc.o
 .debug_frame   0x00000034       0x24 AMIT_PR_1.o
 .debug_frame   0x00000058       0x44 DIO/DIO.o
 .debug_frame   0x0000009c       0x34 EEPROM/EEPROM.o
 .debug_frame   0x000000d0       0x84 I2C/I2C.o
 .debug_frame   0x00000154       0xb4 KPD/KEYPAD.o
 .debug_frame   0x00000208      0x1a4 LCD/LCD.o
 .debug_frame   0x000003ac       0x34 LM35/LM35.o
 .debug_frame   0x000003e0       0xcc RTC/RTC.o
 .debug_frame   0x000004ac       0x34 SPI/SPI.o
 .debug_frame   0x000004e0      0x198 SYSTEM_SCNS.o
 .debug_frame   0x00000678       0x8c TC72/TC72.o
 .debug_frame   0x00000704       0x54 Timer/TMGR.o
 .debug_frame   0x00000758       0x9c Timer/TMR.o
 .debug_frame   0x000007f4       0xa8 UART/UART.o

.debug_str      0x00000000      0xc20
 *(.debug_str)
 .debug_str     0x00000000      0x134 ADC/adc.o
                                0x15b (size before relaxing)
 .debug_str     0x00000134      0x1b4 AMIT_PR_1.o
                                0x2d6 (size before relaxing)
 .debug_str     0x000002e8       0x86 DIO/DIO.o
                                0x1c8 (size before relaxing)
 .debug_str     0x0000036e       0x31 EEPROM/EEPROM.o
                                0x160 (size before relaxing)
 .debug_str     0x0000039f       0x73 I2C/I2C.o
                                0x1b2 (size before relaxing)
 .debug_str     0x00000412       0x7f KPD/KEYPAD.o
                                0x23c (size before relaxing)
 .debug_str     0x00000491       0x15 KPD/KEYPAD_Lcfg.o
                                0x18b (size before relaxing)
 .debug_str     0x000004a6      0x1b6 LCD/LCD.o
                                0x355 (size before relaxing)
 .debug_str     0x0000065c       0x12 LCD/LCD_Lcfg.o
                                0x1d3 (size before relaxing)
 .debug_str     0x0000066e       0x22 LM35/LM35.o
                                0x166 (size before relaxing)
 .debug_str     0x00000690       0x68 RTC/RTC.o
                                0x1fe (size before relaxing)
 .debug_str     0x000006f8       0xa9 SPI/SPI.o
                                0x223 (size before relaxing)
 .debug_str     0x000007a1       0x12 SPI/SPI_Lcfg.o
                                0x197 (size before relaxing)
 .debug_str     0x000007b3      0x1f7 SYSTEM_SCNS.o
                                0x54e (size before relaxing)
 .debug_str     0x000009aa       0xc3 TC72/TC72.o
                                0x264 (size before relaxing)
 .debug_str     0x00000a6d       0x14 TC72/TC72_Lcfg.o
                                0x1c4 (size before relaxing)
 .debug_str     0x00000a81       0x86 Timer/TMGR.o
                                0x265 (size before relaxing)
 .debug_str     0x00000b07       0x4c Timer/TMR.o
                                0x1f6 (size before relaxing)
 .debug_str     0x00000b53       0xb9 UART/UART.o
                                0x252 (size before relaxing)
 .debug_str     0x00000c0c       0x14 UART/UART_LCFG.o
                                0x17a (size before relaxing)

.debug_loc      0x00000000     0x1b79
 *(.debug_loc)
 .debug_loc     0x00000000       0x3d ADC/adc.o
 .debug_loc     0x0000003d       0x3c AMIT_PR_1.o
 .debug_loc     0x00000079      0x2b0 DIO/DIO.o
 .debug_loc     0x00000329       0x26 EEPROM/EEPROM.o
 .debug_loc     0x0000034f       0x50 I2C/I2C.o
 .debug_loc     0x0000039f      0x2b6 KPD/KEYPAD.o
 .debug_loc     0x00000655      0x90b LCD/LCD.o
 .debug_loc     0x00000f60       0x36 LM35/LM35.o
 .debug_loc     0x00000f96      0x27c RTC/RTC.o
 .debug_loc     0x00001212       0x49 SPI/SPI.o
 .debug_loc     0x0000125b      0x4d9 SYSTEM_SCNS.o
 .debug_loc     0x00001734      0x26d TC72/TC72.o
 .debug_loc     0x000019a1       0xcb Timer/TMR.o
 .debug_loc     0x00001a6c      0x10d UART/UART.o

.debug_macinfo
 *(.debug_macinfo)

.debug_weaknames
 *(.debug_weaknames)

.debug_funcnames
 *(.debug_funcnames)

.debug_typenames
 *(.debug_typenames)

.debug_varnames
 *(.debug_varnames)

.debug_pubtypes
 *(.debug_pubtypes)

.debug_ranges   0x00000000      0x2a8
 *(.debug_ranges)
 .debug_ranges  0x00000000       0x18 ADC/adc.o
 .debug_ranges  0x00000018       0x10 AMIT_PR_1.o
 .debug_ranges  0x00000028       0x20 DIO/DIO.o
 .debug_ranges  0x00000048       0x18 EEPROM/EEPROM.o
 .debug_ranges  0x00000060       0x40 I2C/I2C.o
 .debug_ranges  0x000000a0       0x18 KPD/KEYPAD.o
 .debug_ranges  0x000000b8       0x58 LCD/LCD.o
 .debug_ranges  0x00000110       0x18 LM35/LM35.o
 .debug_ranges  0x00000128       0x48 RTC/RTC.o
 .debug_ranges  0x00000170       0x18 SPI/SPI.o
 .debug_ranges  0x00000188       0x80 SYSTEM_SCNS.o
 .debug_ranges  0x00000208       0x28 TC72/TC72.o
 .debug_ranges  0x00000230       0x28 Timer/TMGR.o
 .debug_ranges  0x00000258       0x28 Timer/TMR.o
 .debug_ranges  0x00000280       0x28 UART/UART.o

.debug_macro
 *(.debug_macro)
OUTPUT(AMIT_PR_1.elf elf32-avr)
LOAD linker stubs
